[dotenv@17.3.1] injecting env (10) from .env -- tip: ⚙️  override existing env vars with { override: true }

[Global Setup] Creating test database...
[Global Setup] Test database created successfully.

FAIL tests/evals.test.ts
  ● Console

    console.log
      [dotenv@17.3.1] injecting env (0) from .env -- tip: 🛠️  run anywhere with `dotenvx run -- yourcommand`

      at _log (node_modules/dotenv/lib/main.js:139:11)

    console.log
      [dotenv@17.3.1] injecting env (0) from .env -- tip: 🔐 prevent committing .env to code: https://dotenvx.com/precommit

      at _log (node_modules/dotenv/lib/main.js:139:11)

    console.log
      [dotenv@17.3.1] injecting env (0) from .env -- tip: 🔐 prevent committing .env to code: https://dotenvx.com/precommit

      at _log (node_modules/dotenv/lib/main.js:139:11)

    console.log
      [Setup] Applying migrations to test database...

      at Object.<anonymous> (tests/setup.ts:12:13)

    console.log
      📦 Connected to PostgreSQL database

      at BoundPool.<anonymous> (src/config/db.ts:16:13)

  ● Evaluations & Rubrics API › should allow guide to submit scores for a group

    expect(received).toBe(expected) // Object.is equality

    Expected: 201
    Received: 200

    [0m [90m 57 |[39m             })[33m;[39m
     [90m 58 |[39m             
    [31m[1m>[22m[39m[90m 59 |[39m         expect(res[33m.[39mstatus)[33m.[39mtoBe([35m201[39m)[33m;[39m
     [90m    |[39m                            [31m[1m^[22m[39m
     [90m 60 |[39m         expect(res[33m.[39mbody[33m.[39msuccess)[33m.[39mtoBe([36mtrue[39m)[33m;[39m
     [90m 61 |[39m         expect(res[33m.[39mbody[33m.[39mdata[33m.[39mtotal)[33m.[39mtoBe([35m93[39m)[33m;[39m
     [90m 62 |[39m     })[33m;[39m[0m

      at Object.<anonymous> (tests/evals.test.ts:59:28)

PASS tests/projects.test.ts
  ● Console

    console.log
      [dotenv@17.3.1] injecting env (0) from .env -- tip: ⚙️  enable debug logging with { debug: true }

      at _log (node_modules/dotenv/lib/main.js:139:11)

    console.log
      [dotenv@17.3.1] injecting env (0) from .env -- tip: 🛠️  run anywhere with `dotenvx run -- yourcommand`

      at _log (node_modules/dotenv/lib/main.js:139:11)

    console.log
      [dotenv@17.3.1] injecting env (0) from .env -- tip: 🛠️  run anywhere with `dotenvx run -- yourcommand`

      at _log (node_modules/dotenv/lib/main.js:139:11)

    console.log
      [Setup] Applying migrations to test database...

      at Object.<anonymous> (tests/setup.ts:12:13)

    console.log
      📦 Connected to PostgreSQL database

      at BoundPool.<anonymous> (src/config/db.ts:16:13)

PASS tests/documents.test.ts
  ● Console

    console.log
      [dotenv@17.3.1] injecting env (0) from .env -- tip: ⚙️  load multiple .env files with { path: ['.env.local', '.env'] }

      at _log (node_modules/dotenv/lib/main.js:139:11)

    console.log
      [dotenv@17.3.1] injecting env (0) from .env -- tip: 🛠️  run anywhere with `dotenvx run -- yourcommand`

      at _log (node_modules/dotenv/lib/main.js:139:11)

    console.log
      [dotenv@17.3.1] injecting env (0) from .env -- tip: ⚙️  write to custom object with { processEnv: myObject }

      at _log (node_modules/dotenv/lib/main.js:139:11)

    console.log
      [Setup] Applying migrations to test database...

      at Object.<anonymous> (tests/setup.ts:12:13)

    console.log
      📦 Connected to PostgreSQL database

      at BoundPool.<anonymous> (src/config/db.ts:16:13)

PASS tests/comms.test.ts
  ● Console

    console.log
      [dotenv@17.3.1] injecting env (0) from .env -- tip: 🛠️  run anywhere with `dotenvx run -- yourcommand`

      at _log (node_modules/dotenv/lib/main.js:139:11)

    console.log
      [dotenv@17.3.1] injecting env (0) from .env -- tip: ⚙️  override existing env vars with { override: true }

      at _log (node_modules/dotenv/lib/main.js:139:11)

    console.log
      [dotenv@17.3.1] injecting env (0) from .env -- tip: ⚙️  override existing env vars with { override: true }

      at _log (node_modules/dotenv/lib/main.js:139:11)

    console.log
      [Setup] Applying migrations to test database...

      at Object.<anonymous> (tests/setup.ts:12:13)

    console.log
      📦 Connected to PostgreSQL database

      at BoundPool.<anonymous> (src/config/db.ts:16:13)

PASS tests/meetings.test.ts
  ● Console

    console.log
      [dotenv@17.3.1] injecting env (0) from .env -- tip: ⚙️  load multiple .env files with { path: ['.env.local', '.env'] }

      at _log (node_modules/dotenv/lib/main.js:139:11)

    console.log
      [dotenv@17.3.1] injecting env (0) from .env -- tip: ⚙️  specify custom .env file path with { path: '/custom/path/.env' }

      at _log (node_modules/dotenv/lib/main.js:139:11)

    console.log
      [dotenv@17.3.1] injecting env (0) from .env -- tip: 🛡️ auth for agents: https://vestauth.com

      at _log (node_modules/dotenv/lib/main.js:139:11)

    console.log
      [Setup] Applying migrations to test database...

      at Object.<anonymous> (tests/setup.ts:12:13)

    console.log
      📦 Connected to PostgreSQL database

      at BoundPool.<anonymous> (src/config/db.ts:16:13)

PASS tests/batches.test.ts
  ● Console

    console.log
      [dotenv@17.3.1] injecting env (0) from .env -- tip: ⚡️ secrets for agents: https://dotenvx.com/as2

      at _log (node_modules/dotenv/lib/main.js:139:11)

    console.log
      [dotenv@17.3.1] injecting env (0) from .env -- tip: 🔐 encrypt with Dotenvx: https://dotenvx.com

      at _log (node_modules/dotenv/lib/main.js:139:11)

    console.log
      [dotenv@17.3.1] injecting env (0) from .env -- tip: ⚙️  specify custom .env file path with { path: '/custom/path/.env' }

      at _log (node_modules/dotenv/lib/main.js:139:11)

    console.log
      [Setup] Applying migrations to test database...

      at Object.<anonymous> (tests/setup.ts:12:13)

    console.log
      📦 Connected to PostgreSQL database

      at BoundPool.<anonymous> (src/config/db.ts:16:13)

PASS tests/tasks.test.ts
  ● Console

    console.log
      [dotenv@17.3.1] injecting env (0) from .env -- tip: ⚙️  write to custom object with { processEnv: myObject }

      at _log (node_modules/dotenv/lib/main.js:139:11)

    console.log
      [dotenv@17.3.1] injecting env (0) from .env -- tip: ⚙️  override existing env vars with { override: true }

      at _log (node_modules/dotenv/lib/main.js:139:11)

    console.log
      [dotenv@17.3.1] injecting env (0) from .env -- tip: ⚙️  override existing env vars with { override: true }

      at _log (node_modules/dotenv/lib/main.js:139:11)

    console.log
      [Setup] Applying migrations to test database...

      at Object.<anonymous> (tests/setup.ts:12:13)

    console.log
      📦 Connected to PostgreSQL database

      at BoundPool.<anonymous> (src/config/db.ts:16:13)

PASS tests/users.test.ts
  ● Console

    console.log
      [dotenv@17.3.1] injecting env (0) from .env -- tip: 🔐 encrypt with Dotenvx: https://dotenvx.com

      at _log (node_modules/dotenv/lib/main.js:139:11)

    console.log
      [dotenv@17.3.1] injecting env (0) from .env -- tip: 🤖 agentic secret storage: https://dotenvx.com/as2

      at _log (node_modules/dotenv/lib/main.js:139:11)

    console.log
      [dotenv@17.3.1] injecting env (0) from .env -- tip: ⚙️  suppress all logs with { quiet: true }

      at _log (node_modules/dotenv/lib/main.js:139:11)

    console.log
      [Setup] Applying migrations to test database...

      at Object.<anonymous> (tests/setup.ts:12:13)

    console.log
      📦 Connected to PostgreSQL database

      at BoundPool.<anonymous> (src/config/db.ts:16:13)


Test Suites: 1 failed, 7 passed, 8 total
Tests:       1 failed, 26 passed, 27 total
Snapshots:   0 total
Time:        12.04 s, estimated 14 s
Ran all test suites.
[dotenv@17.3.1] injecting env (0) from .env -- tip: 🔐 encrypt with Dotenvx: https://dotenvx.com

[Global Teardown] Dropping test database...
[Global Teardown] Test database dropped successfully.

Force exiting Jest: Have you considered using `--detectOpenHandles` to detect async operations that kept running after all tests finished?
